/home/lousuan/lansee/openvela/contest2026_483_yuanxinshixisheng/.worktrees/mvp-e/backend/web-java/src/main/java/cn/yuanxin/mvp/web/system/SystemEchoController.java:89:                                  String leaseRevision, String finishedAt, Object lastError) {
/home/lousuan/lansee/openvela/contest2026_483_yuanxinshixisheng/.worktrees/mvp-e/backend/web-java/src/main/java/cn/yuanxin/mvp/web/system/SystemEchoController.java:153:                        + " last_error::text AS last_error"
/home/lousuan/lansee/openvela/contest2026_483_yuanxinshixisheng/.worktrees/mvp-e/backend/web-java/src/main/java/cn/yuanxin/mvp/web/system/SystemEchoController.java:162:                        parseError(rs.getString("last_error"))),
/home/lousuan/lansee/openvela/contest2026_483_yuanxinshixisheng/.worktrees/mvp-e/backend/web-java/src/main/java/cn/yuanxin/mvp/web/media/MediaService.java:21: * pending → (StoragePort 写入 + 校验) → available；失败路径 state=failed + last_error。
/home/lousuan/lansee/openvela/contest2026_483_yuanxinshixisheng/.worktrees/mvp-e/backend/web-java/src/main/java/cn/yuanxin/mvp/web/media/MediaService.java:96:                        + " storage_metadata = ?::jsonb, last_error = NULL, updated_at = now()"
/home/lousuan/lansee/openvela/contest2026_483_yuanxinshixisheng/.worktrees/mvp-e/backend/web-java/src/main/java/cn/yuanxin/mvp/web/media/MediaService.java:106:    /** 失败路径：pending → failed + 可诊断 last_error（不含供应商密钥级细节）。 */
/home/lousuan/lansee/openvela/contest2026_483_yuanxinshixisheng/.worktrees/mvp-e/backend/web-java/src/main/java/cn/yuanxin/mvp/web/media/MediaService.java:115:        jdbc.update("UPDATE media_objects SET state = 'failed', last_error = ?::jsonb,"
/home/lousuan/lansee/openvela/contest2026_483_yuanxinshixisheng/.worktrees/mvp-e/backend/web-java/src/main/java/cn/yuanxin/mvp/web/media/MediaIntakeService.java:54:     * 校验实际格式/大小后标 available。校验失败 → failed + last_error 并抛出。
/home/lousuan/lansee/openvela/contest2026_483_yuanxinshixisheng/.worktrees/mvp-e/backend/worker-python/src/mvp_worker/runtime/complete.py:7:  last_error；否则 failed。守卫同代次。
/home/lousuan/lansee/openvela/contest2026_483_yuanxinshixisheng/.worktrees/mvp-e/backend/worker-python/src/mvp_worker/runtime/complete.py:12:last_error JSON（snake_case）：{"code","message","retryable","retry_after_seconds"?}。
/home/lousuan/lansee/openvela/contest2026_483_yuanxinshixisheng/.worktrees/mvp-e/backend/worker-python/src/mvp_worker/runtime/complete.py:36:    last_error = NULL,
/home/lousuan/lansee/openvela/contest2026_483_yuanxinshixisheng/.worktrees/mvp-e/backend/worker-python/src/mvp_worker/runtime/complete.py:50:    last_error = CAST(:last_error AS jsonb),
/home/lousuan/lansee/openvela/contest2026_483_yuanxinshixisheng/.worktrees/mvp-e/backend/worker-python/src/mvp_worker/runtime/complete.py:62:    last_error = CAST(:last_error AS jsonb),
/home/lousuan/lansee/openvela/contest2026_483_yuanxinshixisheng/.worktrees/mvp-e/backend/worker-python/src/mvp_worker/runtime/complete.py:87:def make_last_error(
/home/lousuan/lansee/openvela/contest2026_483_yuanxinshixisheng/.worktrees/mvp-e/backend/worker-python/src/mvp_worker/runtime/complete.py:147:        last_error = make_last_error(
/home/lousuan/lansee/openvela/contest2026_483_yuanxinshixisheng/.worktrees/mvp-e/backend/worker-python/src/mvp_worker/runtime/complete.py:153:        last_error = make_last_error(code, message, retryable=False)
/home/lousuan/lansee/openvela/contest2026_483_yuanxinshixisheng/.worktrees/mvp-e/backend/worker-python/src/mvp_worker/runtime/complete.py:161:            "last_error": last_error,
/home/lousuan/lansee/openvela/contest2026_483_yuanxinshixisheng/.worktrees/mvp-e/backend/worker-python/src/mvp_worker/runtime/complete.py:180:    last_error = make_last_error(reason_code, message, retryable=False)
/home/lousuan/lansee/openvela/contest2026_483_yuanxinshixisheng/.worktrees/mvp-e/backend/worker-python/src/mvp_worker/runtime/complete.py:188:                "last_error": last_error,
/home/lousuan/lansee/openvela/contest2026_483_yuanxinshixisheng/.worktrees/mvp-e/backend/worker-python/src/mvp_worker/runtime/expire.py:9:last_error；否则旧领取者过期后任务被无限重放。两条 UPDATE 各自带
/home/lousuan/lansee/openvela/contest2026_483_yuanxinshixisheng/.worktrees/mvp-e/backend/worker-python/src/mvp_worker/runtime/expire.py:27:    last_error = jsonb_build_object(
/home/lousuan/lansee/openvela/contest2026_483_yuanxinshixisheng/.worktrees/mvp-e/backend/worker-python/src/mvp_worker/runtime/expire.py:75:    last_error = jsonb_build_object(
/home/lousuan/lansee/openvela/contest2026_483_yuanxinshixisheng/.worktrees/mvp-e/backend/worker-python/src/mvp_worker/media/repository.py:13:       last_error, created_at, updated_at
